// Jest Snapshot v1, https://goo.gl/fbAQLP

exports[`TagList renders correctly with no active tags 1`] = `ShallowWrapper {}`;
